== tzip-empty (teacher simulation, thinking ON)
  -> tzip-empty.json: 'tzip lite activated'
== tzip-on (teacher simulation, thinking ON)
  -> tzip-on.json: 'tzip lite activated'
== tzip-lite (teacher simulation, thinking ON)
  -> tzip-lite.json: 'tzip lite activated'
== tzip-full (teacher simulation, thinking ON)
  -> tzip-full.json: 'tzip full activated'
== tzip-ultra (teacher simulation, thinking ON)
  -> tzip-ultra.json: 'tzip ultra activated'
== tzip-off (teacher simulation, thinking ON)
  -> tzip-off.json: 'tzip deactivated'
== tzip-OFF (teacher simulation, thinking ON)
  -> tzip-OFF.json: 'tzip deactivated'
== example-empty (real pi, isolated temp dir)
  -> example-empty.json: 'This is an example skill.'
== example-hello (real pi, isolated temp dir)
  -> example-hello.json: 'world'
== example-by (real pi, isolated temp dir)
  -> example-by.json: 'Ran `example.sh` with `Bye`:\n\n```\nThis is example.sh output.\n```'
== example-hello-lower (real pi, isolated temp dir)
  example-hello-lower: attempt 1: ['expected 1 bash example.sh call, got 0', "final 'world'"]
  example-hello-lower: attempt 2: ['expected 1 bash example.sh call, got 0', "final 'world'"]
  example-hello-lower: attempt 3: ['expected 1 bash example.sh call, got 0', "final 'world'"]
  example-hello-lower: attempt 4: ['expected 1 bash example.sh call, got 0', "final 'world'"]
  example-hello-lower: attempt 5: ['expected 1 bash example.sh call, got 0', "final 'world'"]
  example-hello-lower: attempt 6: ['expected 1 bash example.sh call, got 0', "final 'world'"]
  example-hello-lower: attempt 7: ['expected 1 bash example.sh call, got 0', "final 'world'"]
  example-hello-lower: attempt 8: ['expected 1 bash example.sh call, got 0', "final 'world'"]
  -> example-hello-lower.json: 'I passed your text to the script as CLI parameters. Output:\n\n```\nThis is example.sh output.\n```'
== example-call-script (real pi, isolated temp dir)
  -> example-call-script.json: 'Ran `scripts/example.sh` (no parameters):\n\n```\nThis is example.sh output.\n```'

=== expected-responses/ complete ===
  tzip-empty             tzip lite activated
  tzip-on                tzip lite activated
  tzip-lite              tzip lite activated
  tzip-full              tzip full activated
  tzip-ultra             tzip ultra activated
  tzip-off               tzip deactivated
  tzip-OFF               tzip deactivated
  example-empty          'This is an example skill.' (0 tool call(s))
  example-hello          'world' (1 tool call(s))
  example-by             'Ran `example.sh` with `Bye`:\n\n```\nThis is example.sh output.\n```' (1 tool call(s))
  example-hello-lower    'I passed your text to the script as CLI parameters. Output:\n\n```\nThis is example.sh output.\n```' (1 tool call(s))
  example-call-script    'Ran `scripts/example.sh` (no parameters):\n\n```\nThis is example.sh output.\n```' (1 tool call(s))
