[2026-08-23 14:27:53] === evaluating pair (ab3-A-r0) on 13 cases + 3 chains ===
[2026-08-23 14:27:53] pair file updated hash=467f62009f (ask=2078c explain=1610c thinking=1479c)
[2026-08-23 14:27:57] eval example-by             score=0.00 (base 0.00) skill_leak=1 self_echo=0/1 t=4s final='This is an example skill.'
[2026-08-23 14:27:59] eval example-call-script    score=0.75 (base 0.75) skill_leak=0 self_echo=0/2 t=2s final='This is example.sh output.'
[2026-08-23 14:28:06] eval example-empty          score=0.50 (base 1.00) skill_leak=1 self_echo=1/2 t=7s final='This is an example skill.'
[2026-08-23 14:28:10] eval example-hello-lower    score=0.00 (base 0.00) skill_leak=0 self_echo=0/2 t=4s final='world'
[2026-08-23 14:28:13] eval example-hello          score=1.00 (base 1.00) skill_leak=0 self_echo=1/2 t=3s final='world'
[2026-08-23 14:28:31] eval example-hi             score=0.75 (base 0.75) skill_leak=0 self_echo=1/2 t=17s final='This is example.sh output.'
[2026-08-23 14:28:40] eval tzip-empty             score=1.00 (base 1.00) skill_leak=0 self_echo=0/1 t=9s final='tzip lite activated'
[2026-08-23 14:28:41] eval tzip-full              score=1.00 (base 1.00) skill_leak=0 self_echo=0/1 t=1s final='tzip full activated'
[2026-08-23 14:28:42] eval tzip-lite              score=1.00 (base 1.00) skill_leak=0 self_echo=0/1 t=1s final='tzip lite activated'
[2026-08-23 14:28:43] eval tzip-off               score=1.00 (base 1.00) skill_leak=0 self_echo=0/1 t=1s final='tzip deactivated'
[2026-08-23 14:28:45] eval tzip-on                score=1.00 (base 1.00) skill_leak=0 self_echo=0/1 t=1s final='tzip lite activated'
[2026-08-23 14:28:46] eval tzip-ultra             score=1.00 (base 1.00) skill_leak=0 self_echo=0/1 t=1s final='tzip ultra activated'
[2026-08-23 14:28:48] eval webfetch-plain         score=0.50 (base 0.50) skill_leak=0 self_echo=0/2 t=2s final='Example Domain\n\n# Example Domain\n\nThis domain is for use in '
[2026-08-23 14:28:51] eval chain-tzip-to-example      score=0.75 skill_leak=1 self_echo=1/3 t=3s [tzip-lite] 'tzip lite activated' | [example-hello] 'world'
[2026-08-23 14:28:54] eval chain-example-to-tzip      score=1.00 skill_leak=0 self_echo=1/3 t=3s [example-hello] 'world' | [tzip-off] 'tzip deactivated'
[2026-08-23 14:28:55] eval chain-tzip-full-to-lite    score=0.75 skill_leak=1 self_echo=0/2 t=2s [tzip-full] 'tzip full activated' | [tzip-lite] 'tzip lite activated'
[2026-08-23 14:28:55] === RESULT (ab3-A-r0) accuracy=75.00%  skill-message leak=14.81% (4/27 msgs)  self-echo=18.52% (5/27) ===
[2026-08-23 14:28:55]    FAIL example-by                 0.00  skill_leak=1 self_echo=0/1  final='This is an example skill.'
[2026-08-23 14:28:55]    PART example-call-script        0.75  skill_leak=0 self_echo=0/2  final='This is example.sh output.'
[2026-08-23 14:28:55]    PART example-empty              0.50  skill_leak=1 self_echo=1/2  final='This is an example skill.'
[2026-08-23 14:28:55]    FAIL example-hello-lower        0.00  skill_leak=0 self_echo=0/2  final='world'
[2026-08-23 14:28:55]    OK  example-hello              1.00  skill_leak=0 self_echo=1/2  final='world'
[2026-08-23 14:28:55]    PART example-hi                 0.75  skill_leak=0 self_echo=1/2  final='This is example.sh output.'
[2026-08-23 14:28:55]    OK  tzip-empty                 1.00  skill_leak=0 self_echo=0/1  final='tzip lite activated'
[2026-08-23 14:28:55]    OK  tzip-full                  1.00  skill_leak=0 self_echo=0/1  final='tzip full activated'
[2026-08-23 14:28:55]    OK  tzip-lite                  1.00  skill_leak=0 self_echo=0/1  final='tzip lite activated'
[2026-08-23 14:28:55]    OK  tzip-off                   1.00  skill_leak=0 self_echo=0/1  final='tzip deactivated'
[2026-08-23 14:28:55]    OK  tzip-on                    1.00  skill_leak=0 self_echo=0/1  final='tzip lite activated'
[2026-08-23 14:28:55]    OK  tzip-ultra                 1.00  skill_leak=0 self_echo=0/1  final='tzip ultra activated'
[2026-08-23 14:28:55]    PART webfetch-plain             0.50  skill_leak=0 self_echo=0/2  final='Example Domain\n\n# Example Domain\n\nThis domain is for use in documentat'
[2026-08-23 14:28:55]    PART chain-tzip-to-example      0.75  skill_leak=1 self_echo=1/3  final=''
[2026-08-23 14:28:55]    OK  chain-example-to-tzip      1.00  skill_leak=0 self_echo=1/3  final=''
[2026-08-23 14:28:55]    PART chain-tzip-full-to-lite    0.75  skill_leak=1 self_echo=0/2  final=''
r0 A: acc=75.0% skill_leak=14.81% self_echo=18.52%
[2026-08-23 14:28:55] === evaluating pair (ab3-B-r0) on 13 cases + 3 chains ===
[2026-08-23 14:28:55] pair file updated hash=e84f20ef55 (ask=1559c explain=1610c thinking=1479c)
[2026-08-23 14:29:03] eval example-by             score=0.00 (base 0.00) skill_leak=1 self_echo=1/2 t=7s final='This is an example skill.'
[2026-08-23 14:29:16] eval example-call-script    score=0.50 (base 0.50) skill_leak=0 self_echo=3/6 t=14s final='This is example.sh output.'
[2026-08-23 14:29:25] eval example-empty          score=0.50 (base 1.00) skill_leak=1 self_echo=1/2 t=9s final='This is an example skill.'
[2026-08-23 14:29:34] eval example-hello-lower    score=0.00 (base 0.00) skill_leak=0 self_echo=1/2 t=8s final='world'
[2026-08-23 14:29:38] eval example-hello          score=0.75 (base 0.75) skill_leak=0 self_echo=1/2 t=4s final='world'
[2026-08-23 14:29:42] eval example-hi             score=0.75 (base 0.75) skill_leak=0 self_echo=1/2 t=3s final='This is example.sh output.'
[2026-08-23 14:29:43] eval tzip-empty             score=1.00 (base 1.00) skill_leak=0 self_echo=0/1 t=1s final='tzip lite activated'
[2026-08-23 14:29:44] eval tzip-full              score=1.00 (base 1.00) skill_leak=0 self_echo=0/1 t=1s final='tzip full activated'
[2026-08-23 14:29:45] eval tzip-lite              score=1.00 (base 1.00) skill_leak=0 self_echo=0/1 t=1s final='tzip lite activated'
[2026-08-23 14:29:47] eval tzip-off               score=1.00 (base 1.00) skill_leak=0 self_echo=0/1 t=1s final='tzip deactivated'
[2026-08-23 14:29:48] eval tzip-on                score=1.00 (base 1.00) skill_leak=0 self_echo=0/1 t=1s final='tzip lite activated'
[2026-08-23 14:29:49] eval tzip-ultra             score=1.00 (base 1.00) skill_leak=0 self_echo=0/1 t=1s final='tzip ultra activated'
[2026-08-23 14:29:54] eval webfetch-plain         score=0.50 (base 0.50) skill_leak=0 self_echo=0/2 t=6s final='Example Domain\n\n# Example Domain\n\nThis domain is for use in '
[2026-08-23 14:29:57] eval chain-tzip-to-example      score=1.00 skill_leak=0 self_echo=1/3 t=3s [tzip-lite] 'tzip lite activated' | [example-hello] 'world'
[2026-08-23 14:30:02] eval chain-example-to-tzip      score=0.62 skill_leak=1 self_echo=1/3 t=4s [example-hello] 'world' | [tzip-off] 'tzip deactivated'
[2026-08-23 14:30:04] eval chain-tzip-full-to-lite    score=0.75 skill_leak=1 self_echo=0/2 t=2s [tzip-full] 'tzip full activated' | [tzip-lite] 'tzip lite activated'
[2026-08-23 14:30:04] === RESULT (ab3-B-r0) accuracy=71.09%  skill-message leak=12.50% (4/32 msgs)  self-echo=31.25% (10/32) ===
[2026-08-23 14:30:04]    FAIL example-by                 0.00  skill_leak=1 self_echo=1/2  final='This is an example skill.'
[2026-08-23 14:30:04]    PART example-call-script        0.50  skill_leak=0 self_echo=3/6  final='This is example.sh output.'
[2026-08-23 14:30:04]    PART example-empty              0.50  skill_leak=1 self_echo=1/2  final='This is an example skill.'
[2026-08-23 14:30:04]    FAIL example-hello-lower        0.00  skill_leak=0 self_echo=1/2  final='world'
[2026-08-23 14:30:04]    PART example-hello              0.75  skill_leak=0 self_echo=1/2  final='world'
[2026-08-23 14:30:04]    PART example-hi                 0.75  skill_leak=0 self_echo=1/2  final='This is example.sh output.'
[2026-08-23 14:30:04]    OK  tzip-empty                 1.00  skill_leak=0 self_echo=0/1  final='tzip lite activated'
[2026-08-23 14:30:04]    OK  tzip-full                  1.00  skill_leak=0 self_echo=0/1  final='tzip full activated'
[2026-08-23 14:30:04]    OK  tzip-lite                  1.00  skill_leak=0 self_echo=0/1  final='tzip lite activated'
[2026-08-23 14:30:04]    OK  tzip-off                   1.00  skill_leak=0 self_echo=0/1  final='tzip deactivated'
[2026-08-23 14:30:04]    OK  tzip-on                    1.00  skill_leak=0 self_echo=0/1  final='tzip lite activated'
[2026-08-23 14:30:04]    OK  tzip-ultra                 1.00  skill_leak=0 self_echo=0/1  final='tzip ultra activated'
[2026-08-23 14:30:04]    PART webfetch-plain             0.50  skill_leak=0 self_echo=0/2  final='Example Domain\n\n# Example Domain\n\nThis domain is for use in documentat'
[2026-08-23 14:30:04]    OK  chain-tzip-to-example      1.00  skill_leak=0 self_echo=1/3  final=''
[2026-08-23 14:30:04]    PART chain-example-to-tzip      0.62  skill_leak=1 self_echo=1/3  final=''
[2026-08-23 14:30:04]    PART chain-tzip-full-to-lite    0.75  skill_leak=1 self_echo=0/2  final=''
r0 B: acc=71.09% skill_leak=12.5% self_echo=31.25%
[2026-08-23 14:30:04] === evaluating pair (ab3-B-r1) on 13 cases + 3 chains ===
[2026-08-23 14:30:09] eval example-by             score=0.00 (base 0.00) skill_leak=1 self_echo=0/1 t=6s final='This is an example skill.'
[2026-08-23 14:30:12] eval example-call-script    score=0.75 (base 0.75) skill_leak=0 self_echo=0/2 t=2s final='This is example.sh output.'
[2026-08-23 14:30:13] eval example-empty          score=0.50 (base 1.00) skill_leak=1 self_echo=0/1 t=2s final='This is an example skill.'
[2026-08-23 14:30:19] eval example-hello-lower    score=0.00 (base 0.00) skill_leak=0 self_echo=1/2 t=6s final='```\nworld\n```'
[2026-08-23 14:30:32] eval example-hello          score=0.75 (base 0.75) skill_leak=0 self_echo=2/3 t=12s final='world'
[2026-08-23 14:30:35] eval example-hi             score=0.75 (base 0.75) skill_leak=0 self_echo=1/2 t=4s final='This is example.sh output.'
[2026-08-23 14:30:37] eval tzip-empty             score=1.00 (base 1.00) skill_leak=0 self_echo=0/1 t=1s final='tzip lite activated'
[2026-08-23 14:30:38] eval tzip-full              score=1.00 (base 1.00) skill_leak=0 self_echo=0/1 t=1s final='tzip full activated'
[2026-08-23 14:30:39] eval tzip-lite              score=1.00 (base 1.00) skill_leak=0 self_echo=0/1 t=1s final='tzip lite activated'
[2026-08-23 14:30:41] eval tzip-off               score=1.00 (base 1.00) skill_leak=0 self_echo=0/1 t=1s final='tzip deactivated'
[2026-08-23 14:30:42] eval tzip-on                score=1.00 (base 1.00) skill_leak=0 self_echo=0/1 t=1s final='tzip lite activated'
[2026-08-23 14:30:43] eval tzip-ultra             score=1.00 (base 1.00) skill_leak=0 self_echo=0/1 t=1s final='tzip ultra activated'
[2026-08-23 14:30:47] eval webfetch-plain         score=1.00 (base 1.00) skill_leak=0 self_echo=0/2 t=4s final='Example Domain\n\n# Example Domain\n\nThis domain is for use in '
[2026-08-23 14:30:50] eval chain-tzip-to-example      score=1.00 skill_leak=0 self_echo=1/3 t=3s [tzip-lite] 'tzip lite activated' | [example-hello] 'world'
[2026-08-23 14:30:53] eval chain-example-to-tzip      score=1.00 skill_leak=0 self_echo=0/3 t=3s [example-hello] 'world' | [tzip-off] 'tzip deactivated'
[2026-08-23 14:30:55] eval chain-tzip-full-to-lite    score=0.75 skill_leak=1 self_echo=0/2 t=2s [tzip-full] 'tzip full activated' | [tzip-lite] 'tzip lite activated'
[2026-08-23 14:30:55] === RESULT (ab3-B-r1) accuracy=78.12%  skill-message leak=11.11% (3/27 msgs)  self-echo=18.52% (5/27) ===
[2026-08-23 14:30:55]    FAIL example-by                 0.00  skill_leak=1 self_echo=0/1  final='This is an example skill.'
[2026-08-23 14:30:55]    PART example-call-script        0.75  skill_leak=0 self_echo=0/2  final='This is example.sh output.'
[2026-08-23 14:30:55]    PART example-empty              0.50  skill_leak=1 self_echo=0/1  final='This is an example skill.'
[2026-08-23 14:30:55]    FAIL example-hello-lower        0.00  skill_leak=0 self_echo=1/2  final='```\nworld\n```'
[2026-08-23 14:30:55]    PART example-hello              0.75  skill_leak=0 self_echo=2/3  final='world'
[2026-08-23 14:30:55]    PART example-hi                 0.75  skill_leak=0 self_echo=1/2  final='This is example.sh output.'
[2026-08-23 14:30:55]    OK  tzip-empty                 1.00  skill_leak=0 self_echo=0/1  final='tzip lite activated'
[2026-08-23 14:30:55]    OK  tzip-full                  1.00  skill_leak=0 self_echo=0/1  final='tzip full activated'
[2026-08-23 14:30:55]    OK  tzip-lite                  1.00  skill_leak=0 self_echo=0/1  final='tzip lite activated'
[2026-08-23 14:30:55]    OK  tzip-off                   1.00  skill_leak=0 self_echo=0/1  final='tzip deactivated'
[2026-08-23 14:30:55]    OK  tzip-on                    1.00  skill_leak=0 self_echo=0/1  final='tzip lite activated'
[2026-08-23 14:30:55]    OK  tzip-ultra                 1.00  skill_leak=0 self_echo=0/1  final='tzip ultra activated'
[2026-08-23 14:30:55]    OK  webfetch-plain             1.00  skill_leak=0 self_echo=0/2  final='Example Domain\n\n# Example Domain\n\nThis domain is for use in documentat'
[2026-08-23 14:30:55]    OK  chain-tzip-to-example      1.00  skill_leak=0 self_echo=1/3  final=''
[2026-08-23 14:30:55]    OK  chain-example-to-tzip      1.00  skill_leak=0 self_echo=0/3  final=''
[2026-08-23 14:30:55]    PART chain-tzip-full-to-lite    0.75  skill_leak=1 self_echo=0/2  final=''
r1 B: acc=78.12% skill_leak=11.11% self_echo=18.52%
[2026-08-23 14:30:55] === evaluating pair (ab3-A-r1) on 13 cases + 3 chains ===
[2026-08-23 14:30:55] pair file updated hash=467f62009f (ask=2078c explain=1610c thinking=1479c)
[2026-08-23 14:30:59] eval example-by             score=0.00 (base 0.00) skill_leak=0 self_echo=0/1 t=4s final='This is an example skill.'
[2026-08-23 14:31:03] eval example-call-script    score=0.75 (base 0.75) skill_leak=0 self_echo=1/2 t=3s final='This is example.sh output.'
[2026-08-23 14:31:06] eval example-empty          score=1.00 (base 1.00) skill_leak=0 self_echo=0/1 t=3s final='This is an example skill.'
[2026-08-23 14:31:12] eval example-hello-lower    score=0.00 (base 0.00) skill_leak=0 self_echo=2/3 t=6s final='world'
[2026-08-23 14:31:14] eval example-hello          score=1.00 (base 1.00) skill_leak=0 self_echo=1/3 t=3s final='world'
[2026-08-23 14:31:18] eval example-hi             score=0.75 (base 0.75) skill_leak=0 self_echo=0/2 t=3s final='This is example.sh output.'
[2026-08-23 14:31:22] eval tzip-empty             score=1.00 (base 1.00) skill_leak=0 self_echo=0/1 t=4s final='tzip lite activated'
[2026-08-23 14:31:23] eval tzip-full              score=1.00 (base 1.00) skill_leak=0 self_echo=0/1 t=1s final='tzip full activated'
[2026-08-23 14:31:25] eval tzip-lite              score=1.00 (base 1.00) skill_leak=0 self_echo=0/1 t=1s final='tzip lite activated'
[2026-08-23 14:31:26] eval tzip-off               score=1.00 (base 1.00) skill_leak=0 self_echo=0/1 t=1s final='tzip deactivated'
[2026-08-23 14:31:27] eval tzip-on                score=1.00 (base 1.00) skill_leak=0 self_echo=0/1 t=2s final='tzip lite activated'
[2026-08-23 14:31:28] eval tzip-ultra             score=1.00 (base 1.00) skill_leak=0 self_echo=0/1 t=1s final='tzip ultra activated'
[2026-08-23 14:31:31] eval webfetch-plain         score=0.50 (base 0.50) skill_leak=0 self_echo=0/2 t=3s final='The webfetch skill has been executed successfully. The conte'
[2026-08-23 14:31:33] eval chain-tzip-to-example      score=1.00 skill_leak=0 self_echo=1/3 t=2s [tzip-lite] 'tzip lite activated' | [example-hello] 'world'
[2026-08-23 14:31:36] eval chain-example-to-tzip      score=1.00 skill_leak=0 self_echo=1/3 t=3s [example-hello] 'world' | [tzip-off] 'tzip deactivated'
[2026-08-23 14:31:38] eval chain-tzip-full-to-lite    score=0.75 skill_leak=1 self_echo=0/2 t=2s [tzip-full] 'tzip full activated' | [tzip-lite] 'tzip lite activated'
[2026-08-23 14:31:38] === RESULT (ab3-A-r1) accuracy=79.69%  skill-message leak=3.57% (1/28 msgs)  self-echo=21.43% (6/28) ===
[2026-08-23 14:31:38]    FAIL example-by                 0.00  skill_leak=0 self_echo=0/1  final='This is an example skill.'
[2026-08-23 14:31:38]    PART example-call-script        0.75  skill_leak=0 self_echo=1/2  final='This is example.sh output.'
[2026-08-23 14:31:38]    OK  example-empty              1.00  skill_leak=0 self_echo=0/1  final='This is an example skill.'
[2026-08-23 14:31:38]    FAIL example-hello-lower        0.00  skill_leak=0 self_echo=2/3  final='world'
[2026-08-23 14:31:38]    OK  example-hello              1.00  skill_leak=0 self_echo=1/3  final='world'
[2026-08-23 14:31:38]    PART example-hi                 0.75  skill_leak=0 self_echo=0/2  final='This is example.sh output.'
[2026-08-23 14:31:38]    OK  tzip-empty                 1.00  skill_leak=0 self_echo=0/1  final='tzip lite activated'
[2026-08-23 14:31:38]    OK  tzip-full                  1.00  skill_leak=0 self_echo=0/1  final='tzip full activated'
[2026-08-23 14:31:38]    OK  tzip-lite                  1.00  skill_leak=0 self_echo=0/1  final='tzip lite activated'
[2026-08-23 14:31:38]    OK  tzip-off                   1.00  skill_leak=0 self_echo=0/1  final='tzip deactivated'
[2026-08-23 14:31:38]    OK  tzip-on                    1.00  skill_leak=0 self_echo=0/1  final='tzip lite activated'
[2026-08-23 14:31:38]    OK  tzip-ultra                 1.00  skill_leak=0 self_echo=0/1  final='tzip ultra activated'
[2026-08-23 14:31:38]    PART webfetch-plain             0.50  skill_leak=0 self_echo=0/2  final='The webfetch skill has been executed successfully. The content of http'
[2026-08-23 14:31:38]    OK  chain-tzip-to-example      1.00  skill_leak=0 self_echo=1/3  final=''
[2026-08-23 14:31:38]    OK  chain-example-to-tzip      1.00  skill_leak=0 self_echo=1/3  final=''
[2026-08-23 14:31:38]    PART chain-tzip-full-to-lite    0.75  skill_leak=1 self_echo=0/2  final=''
r1 A: acc=79.69% skill_leak=3.57% self_echo=21.43%
[2026-08-23 14:31:38] === evaluating pair (ab3-A-r2) on 13 cases + 3 chains ===
[2026-08-23 14:31:46] eval example-by             score=0.00 (base 0.00) skill_leak=1 self_echo=0/1 t=7s final='This is an example skill.'
[2026-08-23 14:31:46] eval example-call-script    score=0.00 (base 0.00) skill_leak=0 self_echo=0/1 t=1s final='This is an example skill.'
[2026-08-23 14:31:50] eval example-empty          score=1.00 (base 1.00) skill_leak=0 self_echo=0/1 t=4s final='This is an example skill.'
[2026-08-23 14:31:52] eval example-hello-lower    score=0.00 (base 0.00) skill_leak=0 self_echo=1/2 t=2s final='world'
[2026-08-23 14:31:55] eval example-hello          score=0.75 (base 0.75) skill_leak=0 self_echo=1/2 t=3s final='world'
[2026-08-23 14:31:58] eval example-hi             score=0.75 (base 0.75) skill_leak=0 self_echo=1/2 t=3s final='This is example.sh output.'
[2026-08-23 14:32:01] eval tzip-empty             score=1.00 (base 1.00) skill_leak=0 self_echo=0/1 t=3s final='tzip lite activated'
[2026-08-23 14:32:02] eval tzip-full              score=1.00 (base 1.00) skill_leak=0 self_echo=0/1 t=1s final='tzip full activated'
[2026-08-23 14:32:03] eval tzip-lite              score=1.00 (base 1.00) skill_leak=0 self_echo=0/1 t=1s final='tzip lite activated'
[2026-08-23 14:32:04] eval tzip-off               score=1.00 (base 1.00) skill_leak=0 self_echo=0/1 t=1s final='tzip deactivated'
[2026-08-23 14:32:08] eval tzip-on                score=1.00 (base 1.00) skill_leak=0 self_echo=0/1 t=3s final='tzip lite activated'
[2026-08-23 14:32:09] eval tzip-ultra             score=1.00 (base 1.00) skill_leak=0 self_echo=0/1 t=1s final='tzip ultra activated'
[2026-08-23 14:32:12] eval webfetch-plain         score=1.00 (base 1.00) skill_leak=0 self_echo=0/2 t=4s final='Example Domain\n\n# Example Domain\n\nThis domain is for use in '
[2026-08-23 14:32:16] eval chain-tzip-to-example      score=1.00 skill_leak=0 self_echo=1/4 t=3s [tzip-lite] 'tzip lite activated' | [example-hello] 'world'
[2026-08-23 14:32:20] eval chain-example-to-tzip      score=1.00 skill_leak=0 self_echo=2/4 t=4s [example-hello] 'world' | [tzip-off] 'tzip deactivated'
[2026-08-23 14:32:22] eval chain-tzip-full-to-lite    score=0.50 skill_leak=2 self_echo=0/2 t=2s [tzip-full] 'tzip full activated' | [tzip-lite] 'tzip lite activated'
[2026-08-23 14:32:22] === RESULT (ab3-A-r2) accuracy=75.00%  skill-message leak=11.11% (3/27 msgs)  self-echo=22.22% (6/27) ===
[2026-08-23 14:32:22]    FAIL example-by                 0.00  skill_leak=1 self_echo=0/1  final='This is an example skill.'
[2026-08-23 14:32:22]    FAIL example-call-script        0.00  skill_leak=0 self_echo=0/1  final='This is an example skill.'
[2026-08-23 14:32:22]    OK  example-empty              1.00  skill_leak=0 self_echo=0/1  final='This is an example skill.'
[2026-08-23 14:32:22]    FAIL example-hello-lower        0.00  skill_leak=0 self_echo=1/2  final='world'
[2026-08-23 14:32:22]    PART example-hello              0.75  skill_leak=0 self_echo=1/2  final='world'
[2026-08-23 14:32:22]    PART example-hi                 0.75  skill_leak=0 self_echo=1/2  final='This is example.sh output.'
[2026-08-23 14:32:22]    OK  tzip-empty                 1.00  skill_leak=0 self_echo=0/1  final='tzip lite activated'
[2026-08-23 14:32:22]    OK  tzip-full                  1.00  skill_leak=0 self_echo=0/1  final='tzip full activated'
[2026-08-23 14:32:22]    OK  tzip-lite                  1.00  skill_leak=0 self_echo=0/1  final='tzip lite activated'
[2026-08-23 14:32:22]    OK  tzip-off                   1.00  skill_leak=0 self_echo=0/1  final='tzip deactivated'
[2026-08-23 14:32:22]    OK  tzip-on                    1.00  skill_leak=0 self_echo=0/1  final='tzip lite activated'
[2026-08-23 14:32:22]    OK  tzip-ultra                 1.00  skill_leak=0 self_echo=0/1  final='tzip ultra activated'
[2026-08-23 14:32:22]    OK  webfetch-plain             1.00  skill_leak=0 self_echo=0/2  final='Example Domain\n\n# Example Domain\n\nThis domain is for use in documentat'
[2026-08-23 14:32:22]    OK  chain-tzip-to-example      1.00  skill_leak=0 self_echo=1/4  final=''
[2026-08-23 14:32:22]    OK  chain-example-to-tzip      1.00  skill_leak=0 self_echo=2/4  final=''
[2026-08-23 14:32:22]    PART chain-tzip-full-to-lite    0.50  skill_leak=2 self_echo=0/2  final=''
r2 A: acc=75.0% skill_leak=11.11% self_echo=22.22%
[2026-08-23 14:32:22] === evaluating pair (ab3-B-r2) on 13 cases + 3 chains ===
[2026-08-23 14:32:22] pair file updated hash=e84f20ef55 (ask=1559c explain=1610c thinking=1479c)
[2026-08-23 14:32:26] eval example-by             score=0.00 (base 0.00) skill_leak=1 self_echo=0/1 t=4s final='This is an example skill.'
[2026-08-23 14:32:29] eval example-call-script    score=0.75 (base 0.75) skill_leak=0 self_echo=1/2 t=4s final='This is example.sh output.'
[2026-08-23 14:32:31] eval example-empty          score=1.00 (base 1.00) skill_leak=0 self_echo=0/1 t=2s final='This is an example skill.'
[2026-08-23 14:32:47] eval example-hello-lower    score=0.25 (base 0.25) skill_leak=0 self_echo=3/4 t=15s final='This is example.sh output.'
[2026-08-23 14:32:50] eval example-hello          score=1.00 (base 1.00) skill_leak=0 self_echo=1/2 t=3s final='world'
[2026-08-23 14:32:53] eval example-hi             score=0.75 (base 0.75) skill_leak=0 self_echo=1/2 t=3s final='This is example.sh output.'
[2026-08-23 14:32:54] eval tzip-empty             score=1.00 (base 1.00) skill_leak=0 self_echo=0/1 t=1s final='tzip lite activated'
[2026-08-23 14:32:55] eval tzip-full              score=1.00 (base 1.00) skill_leak=0 self_echo=0/1 t=1s final='tzip full activated'
[2026-08-23 14:32:56] eval tzip-lite              score=1.00 (base 1.00) skill_leak=0 self_echo=0/1 t=1s final='tzip lite activated'
[2026-08-23 14:32:57] eval tzip-off               score=1.00 (base 1.00) skill_leak=0 self_echo=0/1 t=1s final='tzip deactivated'
[2026-08-23 14:32:59] eval tzip-on                score=1.00 (base 1.00) skill_leak=0 self_echo=0/1 t=1s final='tzip lite activated'
[2026-08-23 14:33:00] eval tzip-ultra             score=1.00 (base 1.00) skill_leak=0 self_echo=0/1 t=1s final='tzip ultra activated'
[2026-08-23 14:33:03] eval webfetch-plain         score=0.50 (base 0.50) skill_leak=0 self_echo=0/2 t=4s final='Example Domain\n\n# Example Domain\n\nThis domain is for use in '
[2026-08-23 14:33:06] eval chain-tzip-to-example      score=1.00 skill_leak=0 self_echo=0/3 t=3s [tzip-lite] 'tzip lite activated' | [example-hello] 'world'
[2026-08-23 14:33:11] eval chain-example-to-tzip      score=0.88 skill_leak=0 self_echo=1/3 t=5s [example-hello] 'world' | [tzip-off] 'tzip deactivated'
[2026-08-23 14:33:13] eval chain-tzip-full-to-lite    score=0.75 skill_leak=1 self_echo=0/2 t=2s [tzip-full] 'tzip full activated' | [tzip-lite] 'tzip lite activated'
[2026-08-23 14:33:13] === RESULT (ab3-B-r2) accuracy=80.47%  skill-message leak=7.14% (2/28 msgs)  self-echo=25.00% (7/28) ===
[2026-08-23 14:33:13]    FAIL example-by                 0.00  skill_leak=1 self_echo=0/1  final='This is an example skill.'
[2026-08-23 14:33:13]    PART example-call-script        0.75  skill_leak=0 self_echo=1/2  final='This is example.sh output.'
[2026-08-23 14:33:13]    OK  example-empty              1.00  skill_leak=0 self_echo=0/1  final='This is an example skill.'
[2026-08-23 14:33:13]    PART example-hello-lower        0.25  skill_leak=0 self_echo=3/4  final='This is example.sh output.'
[2026-08-23 14:33:13]    OK  example-hello              1.00  skill_leak=0 self_echo=1/2  final='world'
[2026-08-23 14:33:13]    PART example-hi                 0.75  skill_leak=0 self_echo=1/2  final='This is example.sh output.'
[2026-08-23 14:33:13]    OK  tzip-empty                 1.00  skill_leak=0 self_echo=0/1  final='tzip lite activated'
[2026-08-23 14:33:13]    OK  tzip-full                  1.00  skill_leak=0 self_echo=0/1  final='tzip full activated'
[2026-08-23 14:33:13]    OK  tzip-lite                  1.00  skill_leak=0 self_echo=0/1  final='tzip lite activated'
[2026-08-23 14:33:13]    OK  tzip-off                   1.00  skill_leak=0 self_echo=0/1  final='tzip deactivated'
[2026-08-23 14:33:13]    OK  tzip-on                    1.00  skill_leak=0 self_echo=0/1  final='tzip lite activated'
[2026-08-23 14:33:13]    OK  tzip-ultra                 1.00  skill_leak=0 self_echo=0/1  final='tzip ultra activated'
[2026-08-23 14:33:13]    PART webfetch-plain             0.50  skill_leak=0 self_echo=0/2  final='Example Domain\n\n# Example Domain\n\nThis domain is for use in documentat'
[2026-08-23 14:33:13]    OK  chain-tzip-to-example      1.00  skill_leak=0 self_echo=0/3  final=''
[2026-08-23 14:33:13]    PART chain-example-to-tzip      0.88  skill_leak=0 self_echo=1/3  final=''
[2026-08-23 14:33:13]    PART chain-tzip-full-to-lite    0.75  skill_leak=1 self_echo=0/2  final=''
r2 B: acc=80.47% skill_leak=7.14% self_echo=25.0%
MEAN A: acc=76.56% leak=9.83% rounds=[75.0, 79.69, 75.0]
MEAN B: acc=76.56% leak=10.25% rounds=[71.09, 78.12, 80.47]
WINNER kept live: A (gepa-0823-121325-873603)
