[14:16:38] Using OPTIMIZED step-1 pair from step1-pair-optimized.json
[14:16:44] 
TOKEN CHECK: 4994 (real session: 5579)
[14:16:44] 
=== PHASE A — single activations, fresh start, x10 each ===
[14:16:59]   [PASS] A 'tzip'               expected: 'tzip lite activated' | ok 10/10 | reasoning-leaks: 0/10
[14:17:17]   [PASS] A 'tzip on'            expected: 'tzip lite activated' | ok 10/10 | reasoning-leaks: 1/10
[14:17:33]   [PASS] A 'on'                 expected: 'tzip lite activated' | ok 10/10 | reasoning-leaks: 0/10
[14:17:52]   [PASS] A 'tzip lite'          expected: 'tzip lite activated' | ok 10/10 | reasoning-leaks: 8/10
[14:18:11]   [PASS] A 'lite'               expected: 'tzip lite activated' | ok 10/10 | reasoning-leaks: 1/10
[14:18:30]   [PASS] A 'tzip full'          expected: 'tzip full activated' | ok 10/10 | reasoning-leaks: 0/10
[14:18:51]   [PASS] A 'full'               expected: 'tzip full activated' | ok 10/10 | reasoning-leaks: 3/10
[14:19:25]   [FAIL 1/10] A 'tzip ultra'         expected: 'tzip ultra activated' | ok 9/10 | reasoning-leaks: 1/10
[14:19:25]       !! run 10: student ''
[14:19:25]          reasoning: 'User invoked tzip skill with argument "ultra". Per SKILL.md: `tzip ultra` → Ultra mode. Communication pattern: reply with mode name (e.g., "tzip lite activated", "tzip deactivated"). So reply exactly "tzip ultra activated".\n\nWait — but the earlier message from user said: "Each <skill name=...>SKILL BODY</skill> block is a self-contained, one-shot invocation that resets my state. I derive this repl'
[14:19:47]   [PASS] A 'ultra'              expected: 'tzip ultra activated' | ok 10/10 | reasoning-leaks: 2/10
[14:20:15]   [PASS] A 'tzip off'           expected: 'tzip deactivated' | ok 10/10 | reasoning-leaks: 2/10
[14:20:36]   [PASS] A 'off'                expected: 'tzip deactivated' | ok 10/10 | reasoning-leaks: 4/10
[14:20:36] 
=== PHASE B — all 20 transitions, canonical setup, x10 each ===
[14:20:50]   [PASS] B on -> lite           expected: 'tzip lite activated' | ok 10/10 | reasoning-leaks: 0/10
[14:21:09]   [PASS] B on -> full           expected: 'tzip full activated' | ok 10/10 | reasoning-leaks: 0/10
[14:21:41]   [PASS] B on -> ultra          expected: 'tzip ultra activated' | ok 10/10 | reasoning-leaks: 2/10
[14:22:05]   [PASS] B on -> off            expected: 'tzip deactivated' | ok 10/10 | reasoning-leaks: 10/10
[14:22:23]   [PASS] B lite -> on           expected: 'tzip lite activated' | ok 10/10 | reasoning-leaks: 0/10
[14:22:41]   [PASS] B lite -> full         expected: 'tzip full activated' | ok 10/10 | reasoning-leaks: 0/10
[14:23:07]   [PASS] B lite -> ultra        expected: 'tzip ultra activated' | ok 10/10 | reasoning-leaks: 0/10
[14:23:25]   [PASS] B lite -> off          expected: 'tzip deactivated' | ok 10/10 | reasoning-leaks: 8/10
[14:23:48]   [PASS] B full -> on           expected: 'tzip lite activated' | ok 10/10 | reasoning-leaks: 3/10
[14:24:09]   [PASS] B full -> lite         expected: 'tzip lite activated' | ok 10/10 | reasoning-leaks: 0/10
[14:24:32]   [PASS] B full -> ultra        expected: 'tzip ultra activated' | ok 10/10 | reasoning-leaks: 2/10
[14:24:56]   [PASS] B full -> off          expected: 'tzip deactivated' | ok 10/10 | reasoning-leaks: 9/10
[14:25:09]   [PASS] B ultra -> on          expected: 'tzip lite activated' | ok 10/10 | reasoning-leaks: 2/10
[14:25:32]   [PASS] B ultra -> lite        expected: 'tzip lite activated' | ok 10/10 | reasoning-leaks: 1/10
[14:25:48]   [PASS] B ultra -> full        expected: 'tzip full activated' | ok 10/10 | reasoning-leaks: 1/10
[14:26:08]   [PASS] B ultra -> off         expected: 'tzip deactivated' | ok 10/10 | reasoning-leaks: 10/10
[14:26:28]   [PASS] B off -> on            expected: 'tzip lite activated' | ok 10/10 | reasoning-leaks: 0/10
[14:26:51]   [PASS] B off -> lite          expected: 'tzip lite activated' | ok 10/10 | reasoning-leaks: 0/10
[14:27:18]   [PASS] B off -> full          expected: 'tzip full activated' | ok 10/10 | reasoning-leaks: 8/10
[14:27:37]   [PASS] B off -> ultra         expected: 'tzip ultra activated' | ok 10/10 | reasoning-leaks: 0/10
[14:27:37] 
TOTAL: 309/310 correct; 1 wrong replies; 78/310 runs with example-skill content in reasoning.
[14:27:37]   !! A 'tzip ultra': 9/10 (expected 'tzip ultra activated')
